-- The C compiler identification is GNU 13.3.0
-- The CXX compiler identification is GNU 13.3.0
-- Detecting C compiler ABI info
-- Detecting C compiler ABI info - done
-- Check for working C compiler: /usr/bin/cc - skipped
-- Detecting C compile features
-- Detecting C compile features - done
-- Detecting CXX compiler ABI info
-- Detecting CXX compiler ABI info - done
-- Check for working CXX compiler: /usr/bin/c++ - skipped
-- Detecting CXX compile features
-- Detecting CXX compile features - done
-- Found rosidl_default_generators: 1.6.1 (/opt/ros/jazzy/share/rosidl_default_generators/cmake)
-- Found Python3: /usr/bin/python3 (found version "3.12.3") found components: Interpreter 
-- Override CMake install command with custom implementation using symlinks instead of copying resources
-- Using all available rosidl_typesupport_c: rosidl_typesupport_fastrtps_c;rosidl_typesupport_introspection_c
-- Using all available rosidl_typesupport_cpp: rosidl_typesupport_fastrtps_cpp;rosidl_typesupport_introspection_cpp
-- Found rosidl_adapter: 4.6.9 (/opt/ros/jazzy/share/rosidl_adapter/cmake)
-- Found ament_cmake_ros: 0.12.1 (/opt/ros/jazzy/share/ament_cmake_ros/cmake)
-- Using all available rosidl_typesupport_c: rosidl_typesupport_fastrtps_c;rosidl_typesupport_introspection_c
-- Using all available rosidl_typesupport_cpp: rosidl_typesupport_fastrtps_cpp;rosidl_typesupport_introspection_cpp
-- Found python_cmake_module: 0.11.1 (/opt/ros/jazzy/share/python_cmake_module/cmake)
-- Found PythonExtra: /usr/bin/python3  
-- Found Python3: /usr/bin/python3 (found version "3.12.3") found components: Interpreter Development NumPy Development.Module Development.Embed 
-- Found Python3: /usr/bin/python3 (found version "3.12.3") found components: Interpreter 
-- Found ament_lint_auto: 0.17.5 (/opt/ros/jazzy/share/ament_lint_auto/cmake)
-- Added test 'copyright' to check source files copyright and LICENSE
-- Added test 'lint_cmake' to check CMake code style
-- Added test 'xmllint' to check XML markup files
-- Configuring done (2.3s)
-- Generating done (0.0s)
-- Build files have been written to: /home/ryuya/rover_workspace/build/osr_interfaces
[  3%] [34m[1mGenerating Rust code for ROS interfaces[0m
[  3%] [34m[1mGenerating type hashes for ROS interfaces[0m
[  3%] Built target ament_cmake_python_symlink_osr_interfaces
running egg_info
creating osr_interfaces.egg-info
writing osr_interfaces.egg-info/PKG-INFO
writing dependency_links to osr_interfaces.egg-info/dependency_links.txt
writing top-level names to osr_interfaces.egg-info/top_level.txt
writing manifest file 'osr_interfaces.egg-info/SOURCES.txt'
[  3%] Built target osr_interfaces__rosidl_generator_type_description
[  5%] [34m[1mGenerating C code for ROS interfaces[0m
[  5%] Built target osr_interfaces__rs
[  7%] [34m[1mGenerating C++ code for ROS interfaces[0m
reading manifest file 'osr_interfaces.egg-info/SOURCES.txt'
writing manifest file 'osr_interfaces.egg-info/SOURCES.txt'
[  7%] Built target ament_cmake_python_build_osr_interfaces_egg
[  7%] Built target osr_interfaces__cpp
[ 10%] [32mBuilding C object CMakeFiles/osr_interfaces__rosidl_generator_c.dir/rosidl_generator_c/osr_interfaces/msg/detail/status__functions.c.o[0m
[ 10%] [32mBuilding C object CMakeFiles/osr_interfaces__rosidl_generator_c.dir/rosidl_generator_c/osr_interfaces/msg/detail/command_drive__description.c.o[0m
[ 12%] [32mBuilding C object CMakeFiles/osr_interfaces__rosidl_generator_c.dir/rosidl_generator_c/osr_interfaces/msg/detail/command_drive__functions.c.o[0m
[ 14%] [32mBuilding C object CMakeFiles/osr_interfaces__rosidl_generator_c.dir/rosidl_generator_c/osr_interfaces/msg/detail/status__description.c.o[0m
[ 16%] [32mBuilding C object CMakeFiles/osr_interfaces__rosidl_generator_c.dir/rosidl_generator_c/osr_interfaces/msg/detail/command_drive__type_support.c.o[0m
[ 18%] [32mBuilding C object CMakeFiles/osr_interfaces__rosidl_generator_c.dir/rosidl_generator_c/osr_interfaces/msg/detail/command_corner__description.c.o[0m
[ 20%] [32mBuilding C object CMakeFiles/osr_interfaces__rosidl_generator_c.dir/rosidl_generator_c/osr_interfaces/msg/detail/status__type_support.c.o[0m
[ 21%] [32mBuilding C object CMakeFiles/osr_interfaces__rosidl_generator_c.dir/rosidl_generator_c/osr_interfaces/msg/detail/command_corner__functions.c.o[0m
[ 23%] [32mBuilding C object CMakeFiles/osr_interfaces__rosidl_generator_c.dir/rosidl_generator_c/osr_interfaces/msg/detail/command_corner__type_support.c.o[0m
[ 25%] [32m[1mLinking C shared library libosr_interfaces__rosidl_generator_c.so[0m
[ 25%] Built target osr_interfaces__rosidl_generator_c
[ 29%] [34m[1mGenerating C++ type support dispatch for ROS interfaces[0m
[ 29%] [34m[1mGenerating C type support for eProsima Fast-RTPS[0m
[ 30%] [34m[1mGenerating C introspection for ROS interfaces[0m
[ 32%] [34m[1mGenerating C type support dispatch for ROS interfaces[0m
[ 34%] [34m[1mGenerating C++ introspection for ROS interfaces[0m
[ 36%] [34m[1mGenerating C++ type support for eProsima Fast-RTPS[0m
[ 38%] [32mBuilding CXX object CMakeFiles/osr_interfaces__rosidl_typesupport_c.dir/rosidl_typesupport_c/osr_interfaces/msg/status__type_support.cpp.o[0m
[ 40%] [32mBuilding CXX object CMakeFiles/osr_interfaces__rosidl_typesupport_cpp.dir/rosidl_typesupport_cpp/osr_interfaces/msg/status__type_support.cpp.o[0m
[ 41%] [32mBuilding CXX object CMakeFiles/osr_interfaces__rosidl_typesupport_c.dir/rosidl_typesupport_c/osr_interfaces/msg/command_drive__type_support.cpp.o[0m
[ 43%] [32mBuilding CXX object CMakeFiles/osr_interfaces__rosidl_typesupport_cpp.dir/rosidl_typesupport_cpp/osr_interfaces/msg/command_corner__type_support.cpp.o[0m
[ 45%] [32mBuilding CXX object CMakeFiles/osr_interfaces__rosidl_typesupport_c.dir/rosidl_typesupport_c/osr_interfaces/msg/command_corner__type_support.cpp.o[0m
[ 47%] [32mBuilding CXX object CMakeFiles/osr_interfaces__rosidl_typesupport_cpp.dir/rosidl_typesupport_cpp/osr_interfaces/msg/command_drive__type_support.cpp.o[0m
[ 49%] [32mBuilding C object CMakeFiles/osr_interfaces__rosidl_typesupport_introspection_c.dir/rosidl_typesupport_introspection_c/osr_interfaces/msg/detail/command_drive__type_support.c.o[0m
[ 50%] [32mBuilding C object CMakeFiles/osr_interfaces__rosidl_typesupport_introspection_c.dir/rosidl_typesupport_introspection_c/osr_interfaces/msg/detail/status__type_support.c.o[0m
[ 52%] [32mBuilding C object CMakeFiles/osr_interfaces__rosidl_typesupport_introspection_c.dir/rosidl_typesupport_introspection_c/osr_interfaces/msg/detail/command_corner__type_support.c.o[0m
[ 54%] [32mBuilding CXX object CMakeFiles/osr_interfaces__rosidl_typesupport_introspection_cpp.dir/rosidl_typesupport_introspection_cpp/osr_interfaces/msg/detail/status__type_support.cpp.o[0m
[ 56%] [32mBuilding CXX object CMakeFiles/osr_interfaces__rosidl_typesupport_introspection_cpp.dir/rosidl_typesupport_introspection_cpp/osr_interfaces/msg/detail/command_drive__type_support.cpp.o[0m
[ 58%] [32mBuilding CXX object CMakeFiles/osr_interfaces__rosidl_typesupport_introspection_cpp.dir/rosidl_typesupport_introspection_cpp/osr_interfaces/msg/detail/command_corner__type_support.cpp.o[0m
[ 60%] [32m[1mLinking CXX shared library libosr_interfaces__rosidl_typesupport_c.so[0m
[ 61%] [32mBuilding CXX object CMakeFiles/osr_interfaces__rosidl_typesupport_fastrtps_cpp.dir/rosidl_typesupport_fastrtps_cpp/osr_interfaces/msg/detail/dds_fastrtps/status__type_support.cpp.o[0m
[ 63%] [32mBuilding CXX object CMakeFiles/osr_interfaces__rosidl_typesupport_fastrtps_cpp.dir/rosidl_typesupport_fastrtps_cpp/osr_interfaces/msg/detail/dds_fastrtps/command_drive__type_support.cpp.o[0m
[ 65%] [32m[1mLinking C shared library libosr_interfaces__rosidl_typesupport_introspection_c.so[0m
[ 67%] [32mBuilding CXX object CMakeFiles/osr_interfaces__rosidl_typesupport_fastrtps_cpp.dir/rosidl_typesupport_fastrtps_cpp/osr_interfaces/msg/detail/dds_fastrtps/command_corner__type_support.cpp.o[0m
[ 69%] [32mBuilding CXX object CMakeFiles/osr_interfaces__rosidl_typesupport_fastrtps_c.dir/rosidl_typesupport_fastrtps_c/osr_interfaces/msg/detail/command_corner__type_support_c.cpp.o[0m
[ 70%] [32mBuilding CXX object CMakeFiles/osr_interfaces__rosidl_typesupport_fastrtps_c.dir/rosidl_typesupport_fastrtps_c/osr_interfaces/msg/detail/command_drive__type_support_c.cpp.o[0m
[ 72%] [32mBuilding CXX object CMakeFiles/osr_interfaces__rosidl_typesupport_fastrtps_c.dir/rosidl_typesupport_fastrtps_c/osr_interfaces/msg/detail/status__type_support_c.cpp.o[0m
[ 72%] Built target osr_interfaces__rosidl_typesupport_c
[ 72%] Built target osr_interfaces__rosidl_typesupport_introspection_c
[ 74%] [32m[1mLinking CXX shared library libosr_interfaces__rosidl_typesupport_cpp.so[0m
[ 76%] [32m[1mLinking CXX shared library libosr_interfaces__rosidl_typesupport_introspection_cpp.so[0m
[ 76%] Built target osr_interfaces__rosidl_typesupport_cpp
[ 78%] [32m[1mLinking CXX shared library libosr_interfaces__rosidl_typesupport_fastrtps_cpp.so[0m
[ 78%] Built target osr_interfaces__rosidl_typesupport_introspection_cpp
[ 80%] [32m[1mLinking CXX shared library libosr_interfaces__rosidl_typesupport_fastrtps_c.so[0m
[ 80%] Built target osr_interfaces__rosidl_typesupport_fastrtps_c
[ 80%] Built target osr_interfaces__rosidl_typesupport_fastrtps_cpp
[ 80%] Built target osr_interfaces
[ 81%] [34m[1mGenerating Python code for ROS interfaces[0m
[ 81%] Built target osr_interfaces__py
[ 83%] [32mBuilding C object CMakeFiles/osr_interfaces__rosidl_generator_py.dir/rosidl_generator_py/osr_interfaces/msg/_status_s.c.o[0m
[ 85%] [32mBuilding C object CMakeFiles/osr_interfaces__rosidl_generator_py.dir/rosidl_generator_py/osr_interfaces/msg/_command_drive_s.c.o[0m
[ 87%] [32mBuilding C object CMakeFiles/osr_interfaces__rosidl_generator_py.dir/rosidl_generator_py/osr_interfaces/msg/_command_corner_s.c.o[0m
[ 89%] [32m[1mLinking C shared library libosr_interfaces__rosidl_generator_py.so[0m
[ 89%] Built target osr_interfaces__rosidl_generator_py
[ 94%] [32mBuilding C object CMakeFiles/osr_interfaces_s__rosidl_typesupport_introspection_c.dir/rosidl_generator_py/osr_interfaces/_osr_interfaces_s.ep.rosidl_typesupport_introspection_c.c.o[0m
[ 94%] [32mBuilding C object CMakeFiles/osr_interfaces_s__rosidl_typesupport_c.dir/rosidl_generator_py/osr_interfaces/_osr_interfaces_s.ep.rosidl_typesupport_c.c.o[0m
[ 94%] [32mBuilding C object CMakeFiles/osr_interfaces_s__rosidl_typesupport_fastrtps_c.dir/rosidl_generator_py/osr_interfaces/_osr_interfaces_s.ep.rosidl_typesupport_fastrtps_c.c.o[0m
[100%] [32m[1mLinking C shared module rosidl_generator_py/osr_interfaces/osr_interfaces_s__rosidl_typesupport_introspection_c.so[0m
[100%] [32m[1mLinking C shared module rosidl_generator_py/osr_interfaces/osr_interfaces_s__rosidl_typesupport_fastrtps_c.so[0m
[100%] [32m[1mLinking C shared module rosidl_generator_py/osr_interfaces/osr_interfaces_s__rosidl_typesupport_c.so[0m
[100%] Built target osr_interfaces_s__rosidl_typesupport_c
[100%] Built target osr_interfaces_s__rosidl_typesupport_fastrtps_c
[100%] Built target osr_interfaces_s__rosidl_typesupport_introspection_c
-- Install configuration: ""
-- Execute custom install script
-- Symlinking: /home/ryuya/rover_workspace/install/osr_interfaces/share/ament_index/resource_index/rosidl_interfaces/osr_interfaces
-- Symlinking: /home/ryuya/rover_workspace/install/osr_interfaces/share/osr_interfaces/msg/Status.json
-- Symlinking: /home/ryuya/rover_workspace/install/osr_interfaces/share/osr_interfaces/msg/CommandDrive.json
-- Symlinking: /home/ryuya/rover_workspace/install/osr_interfaces/share/osr_interfaces/msg/CommandCorner.json
-- Symlinking: /home/ryuya/rover_workspace/install/osr_interfaces/include/osr_interfaces/osr_interfaces/msg/command_corner.h
-- Symlinking: /home/ryuya/rover_workspace/install/osr_interfaces/include/osr_interfaces/osr_interfaces/msg/command_drive.h
-- Symlinking: /home/ryuya/rover_workspace/install/osr_interfaces/include/osr_interfaces/osr_interfaces/msg/detail/command_corner__functions.h
-- Symlinking: /home/ryuya/rover_workspace/install/osr_interfaces/include/osr_interfaces/osr_interfaces/msg/detail/command_corner__struct.h
-- Symlinking: /home/ryuya/rover_workspace/install/osr_interfaces/include/osr_interfaces/osr_interfaces/msg/detail/command_corner__type_support.h
-- Symlinking: /home/ryuya/rover_workspace/install/osr_interfaces/include/osr_interfaces/osr_interfaces/msg/detail/command_drive__functions.h
-- Symlinking: /home/ryuya/rover_workspace/install/osr_interfaces/include/osr_interfaces/osr_interfaces/msg/detail/command_drive__struct.h
-- Symlinking: /home/ryuya/rover_workspace/install/osr_interfaces/include/osr_interfaces/osr_interfaces/msg/detail/command_drive__type_support.h
-- Symlinking: /home/ryuya/rover_workspace/install/osr_interfaces/include/osr_interfaces/osr_interfaces/msg/detail/status__functions.h
-- Symlinking: /home/ryuya/rover_workspace/install/osr_interfaces/include/osr_interfaces/osr_interfaces/msg/detail/status__struct.h
-- Symlinking: /home/ryuya/rover_workspace/install/osr_interfaces/include/osr_interfaces/osr_interfaces/msg/detail/status__type_support.h
-- Symlinking: /home/ryuya/rover_workspace/install/osr_interfaces/include/osr_interfaces/osr_interfaces/msg/rosidl_generator_c__visibility_control.h
-- Symlinking: /home/ryuya/rover_workspace/install/osr_interfaces/include/osr_interfaces/osr_interfaces/msg/status.h
-- Symlinking: /home/ryuya/rover_workspace/install/osr_interfaces/share/osr_interfaces/environment/library_path.sh
-- Symlinking: /home/ryuya/rover_workspace/install/osr_interfaces/share/osr_interfaces/environment/library_path.dsv
-- Symlinking: /home/ryuya/rover_workspace/install/osr_interfaces/include/osr_interfaces/osr_interfaces/msg/detail/command_corner__rosidl_typesupport_fastrtps_c.h
-- Symlinking: /home/ryuya/rover_workspace/install/osr_interfaces/include/osr_interfaces/osr_interfaces/msg/detail/command_drive__rosidl_typesupport_fastrtps_c.h
-- Symlinking: /home/ryuya/rover_workspace/install/osr_interfaces/include/osr_interfaces/osr_interfaces/msg/detail/status__rosidl_typesupport_fastrtps_c.h
-- Symlinking: /home/ryuya/rover_workspace/install/osr_interfaces/include/osr_interfaces/osr_interfaces/msg/rosidl_typesupport_fastrtps_c__visibility_control.h
-- Symlinking: /home/ryuya/rover_workspace/install/osr_interfaces/include/osr_interfaces/osr_interfaces/msg/detail/command_corner__rosidl_typesupport_introspection_c.h
-- Symlinking: /home/ryuya/rover_workspace/install/osr_interfaces/include/osr_interfaces/osr_interfaces/msg/detail/command_drive__rosidl_typesupport_introspection_c.h
-- Symlinking: /home/ryuya/rover_workspace/install/osr_interfaces/include/osr_interfaces/osr_interfaces/msg/detail/status__rosidl_typesupport_introspection_c.h
-- Symlinking: /home/ryuya/rover_workspace/install/osr_interfaces/include/osr_interfaces/osr_interfaces/msg/rosidl_typesupport_introspection_c__visibility_control.h
-- Symlinking: /home/ryuya/rover_workspace/install/osr_interfaces/include/osr_interfaces/osr_interfaces/msg/command_corner.hpp
-- Symlinking: /home/ryuya/rover_workspace/install/osr_interfaces/include/osr_interfaces/osr_interfaces/msg/command_drive.hpp
-- Symlinking: /home/ryuya/rover_workspace/install/osr_interfaces/include/osr_interfaces/osr_interfaces/msg/detail/command_corner__builder.hpp
-- Symlinking: /home/ryuya/rover_workspace/install/osr_interfaces/include/osr_interfaces/osr_interfaces/msg/detail/command_corner__struct.hpp
-- Symlinking: /home/ryuya/rover_workspace/install/osr_interfaces/include/osr_interfaces/osr_interfaces/msg/detail/command_corner__traits.hpp
-- Symlinking: /home/ryuya/rover_workspace/install/osr_interfaces/include/osr_interfaces/osr_interfaces/msg/detail/command_corner__type_support.hpp
-- Symlinking: /home/ryuya/rover_workspace/install/osr_interfaces/include/osr_interfaces/osr_interfaces/msg/detail/command_drive__builder.hpp
-- Symlinking: /home/ryuya/rover_workspace/install/osr_interfaces/include/osr_interfaces/osr_interfaces/msg/detail/command_drive__struct.hpp
-- Symlinking: /home/ryuya/rover_workspace/install/osr_interfaces/include/osr_interfaces/osr_interfaces/msg/detail/command_drive__traits.hpp
-- Symlinking: /home/ryuya/rover_workspace/install/osr_interfaces/include/osr_interfaces/osr_interfaces/msg/detail/command_drive__type_support.hpp
-- Symlinking: /home/ryuya/rover_workspace/install/osr_interfaces/include/osr_interfaces/osr_interfaces/msg/detail/status__builder.hpp
-- Symlinking: /home/ryuya/rover_workspace/install/osr_interfaces/include/osr_interfaces/osr_interfaces/msg/detail/status__struct.hpp
-- Symlinking: /home/ryuya/rover_workspace/install/osr_interfaces/include/osr_interfaces/osr_interfaces/msg/detail/status__traits.hpp
-- Symlinking: /home/ryuya/rover_workspace/install/osr_interfaces/include/osr_interfaces/osr_interfaces/msg/detail/status__type_support.hpp
-- Symlinking: /home/ryuya/rover_workspace/install/osr_interfaces/include/osr_interfaces/osr_interfaces/msg/rosidl_generator_cpp__visibility_control.hpp
-- Symlinking: /home/ryuya/rover_workspace/install/osr_interfaces/include/osr_interfaces/osr_interfaces/msg/status.hpp
-- Symlinking: /home/ryuya/rover_workspace/install/osr_interfaces/include/osr_interfaces/osr_interfaces/msg/detail/command_corner__rosidl_typesupport_fastrtps_cpp.hpp
-- Symlinking: /home/ryuya/rover_workspace/install/osr_interfaces/include/osr_interfaces/osr_interfaces/msg/detail/command_drive__rosidl_typesupport_fastrtps_cpp.hpp
-- Symlinking: /home/ryuya/rover_workspace/install/osr_interfaces/include/osr_interfaces/osr_interfaces/msg/detail/status__rosidl_typesupport_fastrtps_cpp.hpp
-- Symlinking: /home/ryuya/rover_workspace/install/osr_interfaces/include/osr_interfaces/osr_interfaces/msg/rosidl_typesupport_fastrtps_cpp__visibility_control.h
-- Symlinking: /home/ryuya/rover_workspace/install/osr_interfaces/include/osr_interfaces/osr_interfaces/msg/detail/command_corner__rosidl_typesupport_introspection_cpp.hpp
-- Symlinking: /home/ryuya/rover_workspace/install/osr_interfaces/include/osr_interfaces/osr_interfaces/msg/detail/command_drive__rosidl_typesupport_introspection_cpp.hpp
-- Symlinking: /home/ryuya/rover_workspace/install/osr_interfaces/include/osr_interfaces/osr_interfaces/msg/detail/status__rosidl_typesupport_introspection_cpp.hpp
-- Symlinking: /home/ryuya/rover_workspace/install/osr_interfaces/share/osr_interfaces/environment/pythonpath.sh
-- Symlinking: /home/ryuya/rover_workspace/install/osr_interfaces/share/osr_interfaces/environment/pythonpath.dsv
-- Symlinking: /home/ryuya/rover_workspace/install/osr_interfaces/lib/python3.12/site-packages/osr_interfaces-0.0.0-py3.12.egg-info/PKG-INFO
-- Symlinking: /home/ryuya/rover_workspace/install/osr_interfaces/lib/python3.12/site-packages/osr_interfaces-0.0.0-py3.12.egg-info/SOURCES.txt
-- Symlinking: /home/ryuya/rover_workspace/install/osr_interfaces/lib/python3.12/site-packages/osr_interfaces-0.0.0-py3.12.egg-info/dependency_links.txt
-- Symlinking: /home/ryuya/rover_workspace/install/osr_interfaces/lib/python3.12/site-packages/osr_interfaces-0.0.0-py3.12.egg-info/top_level.txt
-- Symlinking: /home/ryuya/rover_workspace/install/osr_interfaces/lib/python3.12/site-packages/osr_interfaces/__init__.py
-- Symlinking: /home/ryuya/rover_workspace/install/osr_interfaces/lib/python3.12/site-packages/osr_interfaces/_osr_interfaces_s.ep.rosidl_typesupport_c.c
-- Symlinking: /home/ryuya/rover_workspace/install/osr_interfaces/lib/python3.12/site-packages/osr_interfaces/_osr_interfaces_s.ep.rosidl_typesupport_fastrtps_c.c
-- Symlinking: /home/ryuya/rover_workspace/install/osr_interfaces/lib/python3.12/site-packages/osr_interfaces/_osr_interfaces_s.ep.rosidl_typesupport_introspection_c.c
-- Symlinking: /home/ryuya/rover_workspace/install/osr_interfaces/lib/python3.12/site-packages/osr_interfaces/msg/__init__.py
-- Symlinking: /home/ryuya/rover_workspace/install/osr_interfaces/lib/python3.12/site-packages/osr_interfaces/msg/_command_corner.py
-- Symlinking: /home/ryuya/rover_workspace/install/osr_interfaces/lib/python3.12/site-packages/osr_interfaces/msg/_command_corner_s.c
-- Symlinking: /home/ryuya/rover_workspace/install/osr_interfaces/lib/python3.12/site-packages/osr_interfaces/msg/_command_drive.py
-- Symlinking: /home/ryuya/rover_workspace/install/osr_interfaces/lib/python3.12/site-packages/osr_interfaces/msg/_command_drive_s.c
-- Symlinking: /home/ryuya/rover_workspace/install/osr_interfaces/lib/python3.12/site-packages/osr_interfaces/msg/_status.py
-- Symlinking: /home/ryuya/rover_workspace/install/osr_interfaces/lib/python3.12/site-packages/osr_interfaces/msg/_status_s.c
-- Symlinking: /home/ryuya/rover_workspace/install/osr_interfaces/lib/python3.12/site-packages/osr_interfaces/osr_interfaces_s__rosidl_typesupport_c.so
-- Symlinking: /home/ryuya/rover_workspace/install/osr_interfaces/lib/python3.12/site-packages/osr_interfaces/osr_interfaces_s__rosidl_typesupport_fastrtps_c.so
-- Symlinking: /home/ryuya/rover_workspace/install/osr_interfaces/lib/python3.12/site-packages/osr_interfaces/osr_interfaces_s__rosidl_typesupport_introspection_c.so
-- Up-to-date symlink: /home/ryuya/rover_workspace/install/osr_interfaces/lib/python3.12/site-packages/osr_interfaces/osr_interfaces_s__rosidl_typesupport_fastrtps_c.so
-- Up-to-date symlink: /home/ryuya/rover_workspace/install/osr_interfaces/lib/python3.12/site-packages/osr_interfaces/osr_interfaces_s__rosidl_typesupport_introspection_c.so
-- Up-to-date symlink: /home/ryuya/rover_workspace/install/osr_interfaces/lib/python3.12/site-packages/osr_interfaces/osr_interfaces_s__rosidl_typesupport_c.so
-- Symlinking: /home/ryuya/rover_workspace/install/osr_interfaces/share/ament_index/resource_index/rust_packages/osr_interfaces
-- Symlinking: /home/ryuya/rover_workspace/install/osr_interfaces/share/osr_interfaces/rust/Cargo.toml
-- Symlinking: /home/ryuya/rover_workspace/install/osr_interfaces/share/osr_interfaces/rust/build.rs
-- Symlinking: /home/ryuya/rover_workspace/install/osr_interfaces/share/osr_interfaces/rust/src/lib.rs
-- Symlinking: /home/ryuya/rover_workspace/install/osr_interfaces/share/osr_interfaces/rust/src/msg.rs
-- Symlinking: /home/ryuya/rover_workspace/install/osr_interfaces/share/osr_interfaces/rust/src/msg/rmw.rs
-- Symlinking: /home/ryuya/rover_workspace/install/osr_interfaces/share/osr_interfaces/msg/Status.idl
-- Symlinking: /home/ryuya/rover_workspace/install/osr_interfaces/share/osr_interfaces/msg/CommandDrive.idl
-- Symlinking: /home/ryuya/rover_workspace/install/osr_interfaces/share/osr_interfaces/msg/CommandCorner.idl
-- Symlinking: /home/ryuya/rover_workspace/install/osr_interfaces/share/osr_interfaces/msg/Status.msg
-- Symlinking: /home/ryuya/rover_workspace/install/osr_interfaces/share/osr_interfaces/msg/CommandDrive.msg
-- Symlinking: /home/ryuya/rover_workspace/install/osr_interfaces/share/osr_interfaces/msg/CommandCorner.msg
-- Symlinking: /home/ryuya/rover_workspace/install/osr_interfaces/share/ament_index/resource_index/package_run_dependencies/osr_interfaces
-- Symlinking: /home/ryuya/rover_workspace/install/osr_interfaces/share/ament_index/resource_index/parent_prefix_path/osr_interfaces
-- Symlinking: /home/ryuya/rover_workspace/install/osr_interfaces/share/osr_interfaces/environment/ament_prefix_path.sh
-- Symlinking: /home/ryuya/rover_workspace/install/osr_interfaces/share/osr_interfaces/environment/ament_prefix_path.dsv
-- Symlinking: /home/ryuya/rover_workspace/install/osr_interfaces/share/osr_interfaces/environment/path.sh
-- Symlinking: /home/ryuya/rover_workspace/install/osr_interfaces/share/osr_interfaces/environment/path.dsv
-- Symlinking: /home/ryuya/rover_workspace/install/osr_interfaces/share/osr_interfaces/local_setup.bash
-- Symlinking: /home/ryuya/rover_workspace/install/osr_interfaces/share/osr_interfaces/local_setup.sh
-- Symlinking: /home/ryuya/rover_workspace/install/osr_interfaces/share/osr_interfaces/local_setup.zsh
-- Symlinking: /home/ryuya/rover_workspace/install/osr_interfaces/share/osr_interfaces/local_setup.dsv
-- Symlinking: /home/ryuya/rover_workspace/install/osr_interfaces/share/osr_interfaces/package.dsv
-- Symlinking: /home/ryuya/rover_workspace/install/osr_interfaces/share/ament_index/resource_index/packages/osr_interfaces
-- Symlinking: /home/ryuya/rover_workspace/install/osr_interfaces/share/osr_interfaces/cmake/rosidl_cmake-extras.cmake
-- Symlinking: /home/ryuya/rover_workspace/install/osr_interfaces/share/osr_interfaces/cmake/ament_cmake_export_include_directories-extras.cmake
-- Symlinking: /home/ryuya/rover_workspace/install/osr_interfaces/share/osr_interfaces/cmake/ament_cmake_export_libraries-extras.cmake
-- Symlinking: /home/ryuya/rover_workspace/install/osr_interfaces/share/osr_interfaces/cmake/ament_cmake_export_targets-extras.cmake
-- Symlinking: /home/ryuya/rover_workspace/install/osr_interfaces/share/osr_interfaces/cmake/rosidl_cmake_export_typesupport_targets-extras.cmake
-- Symlinking: /home/ryuya/rover_workspace/install/osr_interfaces/share/osr_interfaces/cmake/ament_cmake_export_dependencies-extras.cmake
-- Symlinking: /home/ryuya/rover_workspace/install/osr_interfaces/share/osr_interfaces/cmake/rosidl_cmake_export_typesupport_libraries-extras.cmake
-- Symlinking: /home/ryuya/rover_workspace/install/osr_interfaces/share/osr_interfaces/cmake/rosidl_cmake_aggregate_target-extras.cmake
-- Symlinking: /home/ryuya/rover_workspace/install/osr_interfaces/share/osr_interfaces/cmake/osr_interfacesConfig.cmake
-- Symlinking: /home/ryuya/rover_workspace/install/osr_interfaces/share/osr_interfaces/cmake/osr_interfacesConfig-version.cmake
-- Symlinking: /home/ryuya/rover_workspace/install/osr_interfaces/share/osr_interfaces/package.xml
-- Installing: /home/ryuya/rover_workspace/install/osr_interfaces/lib/libosr_interfaces__rosidl_generator_c.so
-- Set non-toolchain portion of runtime path of "/home/ryuya/rover_workspace/install/osr_interfaces/lib/libosr_interfaces__rosidl_generator_c.so" to ""
-- Installing: /home/ryuya/rover_workspace/install/osr_interfaces/lib/libosr_interfaces__rosidl_typesupport_fastrtps_c.so
-- Set non-toolchain portion of runtime path of "/home/ryuya/rover_workspace/install/osr_interfaces/lib/libosr_interfaces__rosidl_typesupport_fastrtps_c.so" to ""
-- Installing: /home/ryuya/rover_workspace/install/osr_interfaces/lib/libosr_interfaces__rosidl_typesupport_introspection_c.so
-- Set non-toolchain portion of runtime path of "/home/ryuya/rover_workspace/install/osr_interfaces/lib/libosr_interfaces__rosidl_typesupport_introspection_c.so" to ""
-- Installing: /home/ryuya/rover_workspace/install/osr_interfaces/lib/libosr_interfaces__rosidl_typesupport_c.so
-- Set non-toolchain portion of runtime path of "/home/ryuya/rover_workspace/install/osr_interfaces/lib/libosr_interfaces__rosidl_typesupport_c.so" to ""
-- Installing: /home/ryuya/rover_workspace/install/osr_interfaces/lib/libosr_interfaces__rosidl_typesupport_fastrtps_cpp.so
-- Set non-toolchain portion of runtime path of "/home/ryuya/rover_workspace/install/osr_interfaces/lib/libosr_interfaces__rosidl_typesupport_fastrtps_cpp.so" to ""
-- Installing: /home/ryuya/rover_workspace/install/osr_interfaces/lib/libosr_interfaces__rosidl_typesupport_introspection_cpp.so
-- Set non-toolchain portion of runtime path of "/home/ryuya/rover_workspace/install/osr_interfaces/lib/libosr_interfaces__rosidl_typesupport_introspection_cpp.so" to ""
-- Installing: /home/ryuya/rover_workspace/install/osr_interfaces/lib/libosr_interfaces__rosidl_typesupport_cpp.so
-- Set non-toolchain portion of runtime path of "/home/ryuya/rover_workspace/install/osr_interfaces/lib/libosr_interfaces__rosidl_typesupport_cpp.so" to ""
Listing '/home/ryuya/rover_workspace/install/osr_interfaces/lib/python3.12/site-packages/osr_interfaces'...
Compiling '/home/ryuya/rover_workspace/install/osr_interfaces/lib/python3.12/site-packages/osr_interfaces/__init__.py'...
Listing '/home/ryuya/rover_workspace/install/osr_interfaces/lib/python3.12/site-packages/osr_interfaces/msg'...
Compiling '/home/ryuya/rover_workspace/install/osr_interfaces/lib/python3.12/site-packages/osr_interfaces/msg/__init__.py'...
Compiling '/home/ryuya/rover_workspace/install/osr_interfaces/lib/python3.12/site-packages/osr_interfaces/msg/_command_corner.py'...
Compiling '/home/ryuya/rover_workspace/install/osr_interfaces/lib/python3.12/site-packages/osr_interfaces/msg/_command_drive.py'...
Compiling '/home/ryuya/rover_workspace/install/osr_interfaces/lib/python3.12/site-packages/osr_interfaces/msg/_status.py'...
-- Installing: /home/ryuya/rover_workspace/install/osr_interfaces/lib/libosr_interfaces__rosidl_generator_py.so
-- Set non-toolchain portion of runtime path of "/home/ryuya/rover_workspace/install/osr_interfaces/lib/libosr_interfaces__rosidl_generator_py.so" to ""
-- Installing: /home/ryuya/rover_workspace/install/osr_interfaces/share/osr_interfaces/cmake/export_osr_interfaces__rosidl_generator_cExport.cmake
-- Installing: /home/ryuya/rover_workspace/install/osr_interfaces/share/osr_interfaces/cmake/export_osr_interfaces__rosidl_generator_cExport-noconfig.cmake
-- Installing: /home/ryuya/rover_workspace/install/osr_interfaces/share/osr_interfaces/cmake/export_osr_interfaces__rosidl_typesupport_fastrtps_cExport.cmake
-- Installing: /home/ryuya/rover_workspace/install/osr_interfaces/share/osr_interfaces/cmake/export_osr_interfaces__rosidl_typesupport_fastrtps_cExport-noconfig.cmake
-- Installing: /home/ryuya/rover_workspace/install/osr_interfaces/share/osr_interfaces/cmake/osr_interfaces__rosidl_typesupport_introspection_cExport.cmake
-- Installing: /home/ryuya/rover_workspace/install/osr_interfaces/share/osr_interfaces/cmake/osr_interfaces__rosidl_typesupport_introspection_cExport-noconfig.cmake
-- Installing: /home/ryuya/rover_workspace/install/osr_interfaces/share/osr_interfaces/cmake/osr_interfaces__rosidl_typesupport_cExport.cmake
-- Installing: /home/ryuya/rover_workspace/install/osr_interfaces/share/osr_interfaces/cmake/osr_interfaces__rosidl_typesupport_cExport-noconfig.cmake
-- Installing: /home/ryuya/rover_workspace/install/osr_interfaces/share/osr_interfaces/cmake/export_osr_interfaces__rosidl_generator_cppExport.cmake
-- Installing: /home/ryuya/rover_workspace/install/osr_interfaces/share/osr_interfaces/cmake/export_osr_interfaces__rosidl_typesupport_fastrtps_cppExport.cmake
-- Installing: /home/ryuya/rover_workspace/install/osr_interfaces/share/osr_interfaces/cmake/export_osr_interfaces__rosidl_typesupport_fastrtps_cppExport-noconfig.cmake
-- Installing: /home/ryuya/rover_workspace/install/osr_interfaces/share/osr_interfaces/cmake/osr_interfaces__rosidl_typesupport_introspection_cppExport.cmake
-- Installing: /home/ryuya/rover_workspace/install/osr_interfaces/share/osr_interfaces/cmake/osr_interfaces__rosidl_typesupport_introspection_cppExport-noconfig.cmake
-- Installing: /home/ryuya/rover_workspace/install/osr_interfaces/share/osr_interfaces/cmake/osr_interfaces__rosidl_typesupport_cppExport.cmake
-- Installing: /home/ryuya/rover_workspace/install/osr_interfaces/share/osr_interfaces/cmake/osr_interfaces__rosidl_typesupport_cppExport-noconfig.cmake
-- Installing: /home/ryuya/rover_workspace/install/osr_interfaces/share/osr_interfaces/cmake/export_osr_interfaces__rosidl_generator_pyExport.cmake
-- Installing: /home/ryuya/rover_workspace/install/osr_interfaces/share/osr_interfaces/cmake/export_osr_interfaces__rosidl_generator_pyExport-noconfig.cmake
