[0.010s] Invoking command in '/home/ryuya/rover_workspace/build/osr_bringup': CMAKE_PREFIX_PATH=${CMAKE_PREFIX_PATH}:/opt/ros/jazzy /usr/bin/cmake /home/ryuya/rover_workspace/src/osr_bringup -DAMENT_CMAKE_SYMLINK_INSTALL=1 -DCMAKE_INSTALL_PREFIX=/home/ryuya/rover_workspace/install/osr_bringup
[0.131s] -- The C compiler identification is GNU 13.3.0
[0.409s] -- The CXX compiler identification is GNU 13.3.0
[0.532s] -- Detecting C compiler ABI info
[0.631s] -- Detecting C compiler ABI info - done
[0.636s] -- Check for working C compiler: /usr/bin/cc - skipped
[0.637s] -- Detecting C compile features
[0.638s] -- Detecting C compile features - done
[0.673s] -- Detecting CXX compiler ABI info
[0.782s] -- Detecting CXX compiler ABI info - done
[0.787s] -- Check for working CXX compiler: /usr/bin/c++ - skipped
[0.787s] -- Detecting CXX compile features
[0.787s] -- Detecting CXX compile features - done
[0.796s] -- Found ament_cmake: 2.5.6 (/opt/ros/jazzy/share/ament_cmake/cmake)
[0.880s] -- Found Python3: /usr/bin/python3 (found version "3.12.3") found components: Interpreter 
[0.922s] -- Override CMake install command with custom implementation using symlinks instead of copying resources
[0.949s] -- Found ament_lint_auto: 0.17.5 (/opt/ros/jazzy/share/ament_lint_auto/cmake)
[1.014s] -- Added test 'copyright' to check source files copyright and LICENSE
[1.015s] -- Added test 'flake8' to check Python code syntax and style conventions
[1.015s] -- Configured 'flake8' exclude dirs and/or files: 
[1.015s] -- Added test 'lint_cmake' to check CMake code style
[1.016s] -- Added test 'pep257' to check Python code against some of the docstring style conventions in PEP 257
[1.016s] -- Added test 'xmllint' to check XML markup files
[1.017s] -- Configuring done (1.0s)
[1.020s] -- Generating done (0.0s)
[1.020s] -- Build files have been written to: /home/ryuya/rover_workspace/build/osr_bringup
[1.024s] Invoked command in '/home/ryuya/rover_workspace/build/osr_bringup' returned '0': CMAKE_PREFIX_PATH=${CMAKE_PREFIX_PATH}:/opt/ros/jazzy /usr/bin/cmake /home/ryuya/rover_workspace/src/osr_bringup -DAMENT_CMAKE_SYMLINK_INSTALL=1 -DCMAKE_INSTALL_PREFIX=/home/ryuya/rover_workspace/install/osr_bringup
[1.024s] Invoking command in '/home/ryuya/rover_workspace/build/osr_bringup': CMAKE_PREFIX_PATH=${CMAKE_PREFIX_PATH}:/opt/ros/jazzy /usr/bin/cmake --build /home/ryuya/rover_workspace/build/osr_bringup -- -j24 -l24
[1.049s] Invoked command in '/home/ryuya/rover_workspace/build/osr_bringup' returned '0': CMAKE_PREFIX_PATH=${CMAKE_PREFIX_PATH}:/opt/ros/jazzy /usr/bin/cmake --build /home/ryuya/rover_workspace/build/osr_bringup -- -j24 -l24
[1.055s] Invoking command in '/home/ryuya/rover_workspace/build/osr_bringup': CMAKE_PREFIX_PATH=${CMAKE_PREFIX_PATH}:/opt/ros/jazzy /usr/bin/cmake --install /home/ryuya/rover_workspace/build/osr_bringup
[1.059s] -- Install configuration: ""
[1.059s] -- Execute custom install script
[1.060s] -- Symlinking: /home/ryuya/rover_workspace/install/osr_bringup/share/osr_bringup/launch/.gitignore
[1.065s] -- Symlinking: /home/ryuya/rover_workspace/install/osr_bringup/share/osr_bringup/launch/osr_launch.py
[1.071s] -- Symlinking: /home/ryuya/rover_workspace/install/osr_bringup/share/osr_bringup/config/osr_params.yaml
[1.077s] -- Symlinking: /home/ryuya/rover_workspace/install/osr_bringup/share/osr_bringup/config/roboclaw_params.yaml
[1.083s] -- Symlinking: /home/ryuya/rover_workspace/install/osr_bringup/share/ament_index/resource_index/package_run_dependencies/osr_bringup
[1.089s] -- Symlinking: /home/ryuya/rover_workspace/install/osr_bringup/share/ament_index/resource_index/parent_prefix_path/osr_bringup
[1.095s] -- Symlinking: /home/ryuya/rover_workspace/install/osr_bringup/share/osr_bringup/environment/ament_prefix_path.sh
[1.101s] -- Symlinking: /home/ryuya/rover_workspace/install/osr_bringup/share/osr_bringup/environment/ament_prefix_path.dsv
[1.107s] -- Symlinking: /home/ryuya/rover_workspace/install/osr_bringup/share/osr_bringup/environment/path.sh
[1.113s] -- Symlinking: /home/ryuya/rover_workspace/install/osr_bringup/share/osr_bringup/environment/path.dsv
[1.119s] -- Symlinking: /home/ryuya/rover_workspace/install/osr_bringup/share/osr_bringup/local_setup.bash
[1.124s] -- Symlinking: /home/ryuya/rover_workspace/install/osr_bringup/share/osr_bringup/local_setup.sh
[1.130s] -- Symlinking: /home/ryuya/rover_workspace/install/osr_bringup/share/osr_bringup/local_setup.zsh
[1.135s] -- Symlinking: /home/ryuya/rover_workspace/install/osr_bringup/share/osr_bringup/local_setup.dsv
[1.140s] -- Symlinking: /home/ryuya/rover_workspace/install/osr_bringup/share/osr_bringup/package.dsv
[1.145s] -- Symlinking: /home/ryuya/rover_workspace/install/osr_bringup/share/ament_index/resource_index/packages/osr_bringup
[1.151s] -- Symlinking: /home/ryuya/rover_workspace/install/osr_bringup/share/osr_bringup/cmake/osr_bringupConfig.cmake
[1.157s] -- Symlinking: /home/ryuya/rover_workspace/install/osr_bringup/share/osr_bringup/cmake/osr_bringupConfig-version.cmake
[1.162s] -- Symlinking: /home/ryuya/rover_workspace/install/osr_bringup/share/osr_bringup/package.xml
[1.168s] Invoked command in '/home/ryuya/rover_workspace/build/osr_bringup' returned '0': CMAKE_PREFIX_PATH=${CMAKE_PREFIX_PATH}:/opt/ros/jazzy /usr/bin/cmake --install /home/ryuya/rover_workspace/build/osr_bringup
