running develop
/usr/lib/python3/dist-packages/setuptools/command/easy_install.py:363: UserWarning: Unbuilt egg for pytest-repeat [unknown version] (/usr/lib/python3/dist-packages)
  self.local_index = Environment(self.shadow_path + sys.path)
running egg_info
creating osr_control.egg-info
writing osr_control.egg-info/PKG-INFO
writing dependency_links to osr_control.egg-info/dependency_links.txt
writing entry points to osr_control.egg-info/entry_points.txt
writing requirements to osr_control.egg-info/requires.txt
writing top-level names to osr_control.egg-info/top_level.txt
writing manifest file 'osr_control.egg-info/SOURCES.txt'
reading manifest file 'osr_control.egg-info/SOURCES.txt'
writing manifest file 'osr_control.egg-info/SOURCES.txt'
running build_ext
Creating /home/ryuya/rover_workspace/install/osr_control/lib/python3.12/site-packages/osr-control.egg-link (link to .)
Installing ina260 script to /home/ryuya/rover_workspace/install/osr_control/lib/osr_control
Installing joy_extras script to /home/ryuya/rover_workspace/install/osr_control/lib/osr_control
Installing roboclaw_wrapper script to /home/ryuya/rover_workspace/install/osr_control/lib/osr_control
Installing rover script to /home/ryuya/rover_workspace/install/osr_control/lib/osr_control
Installing servo_control script to /home/ryuya/rover_workspace/install/osr_control/lib/osr_control

Installed /home/ryuya/rover_workspace/build/osr_control
running symlink_data
creating /home/ryuya/rover_workspace/install/osr_control/share/ament_index
creating /home/ryuya/rover_workspace/install/osr_control/share/ament_index/resource_index
creating /home/ryuya/rover_workspace/install/osr_control/share/ament_index/resource_index/packages
symbolically linking /home/ryuya/rover_workspace/build/osr_control/resource/osr_control -> /home/ryuya/rover_workspace/install/osr_control/share/ament_index/resource_index/packages
symbolically linking /home/ryuya/rover_workspace/build/osr_control/package.xml -> /home/ryuya/rover_workspace/install/osr_control/share/osr_control
creating /home/ryuya/rover_workspace/install/osr_control/share/osr_control/launch
creating /home/ryuya/rover_workspace/install/osr_control/share/osr_control/config
